###############################################################################
#
# IAR ELF Linker V8.30.1.114/W32 for ARM                  26/Sep/2019  19:48:47
# Copyright 2007-2018 IAR Systems AB.
#
#    Output file  =  
#        C:\Users\cyfch\Desktop\B车主控1.1.0\Prj\IAR\DZ10_Debug\Exe\fire_Kinetis.out
#    Map file     =  
#        C:\Users\cyfch\Desktop\B车主控1.1.0\Prj\IAR\DZ10_Debug\List\fire_Kinetis.map
#    Command line =  
#        -f C:\Users\cyfch\AppData\Local\Temp\EWF976.tmp
#        (C:\Users\cyfch\Desktop\B车主控1.1.0\Prj\IAR\DZ10_Debug\Obj\CL_FUN.o
#        C:\Users\cyfch\Desktop\B车主控1.1.0\Prj\IAR\DZ10_Debug\Obj\Control.o
#        C:\Users\cyfch\Desktop\B车主控1.1.0\Prj\IAR\DZ10_Debug\Obj\DebugFunction.o
#        C:\Users\cyfch\Desktop\B车主控1.1.0\Prj\IAR\DZ10_Debug\Obj\Drive.o
#        C:\Users\cyfch\Desktop\B车主控1.1.0\Prj\IAR\DZ10_Debug\Obj\Encode.o
#        C:\Users\cyfch\Desktop\B车主控1.1.0\Prj\IAR\DZ10_Debug\Obj\FIRE_key.o
#        C:\Users\cyfch\Desktop\B车主控1.1.0\Prj\IAR\DZ10_Debug\Obj\FIRE_LED.o
#        C:\Users\cyfch\Desktop\B车主控1.1.0\Prj\IAR\DZ10_Debug\Obj\FIRE_MK60_conf.o
#        C:\Users\cyfch\Desktop\B车主控1.1.0\Prj\IAR\DZ10_Debug\Obj\FIRE_MMA7455.o
#        C:\Users\cyfch\Desktop\B车主控1.1.0\Prj\IAR\DZ10_Debug\Obj\FIRE_NRF24L0.o
#        C:\Users\cyfch\Desktop\B车主控1.1.0\Prj\IAR\DZ10_Debug\Obj\FIRE_SCCB.o
#        C:\Users\cyfch\Desktop\B车主控1.1.0\Prj\IAR\DZ10_Debug\Obj\Get_UART.o
#        C:\Users\cyfch\Desktop\B车主控1.1.0\Prj\IAR\DZ10_Debug\Obj\i2c.o
#        C:\Users\cyfch\Desktop\B车主控1.1.0\Lib\CMSIS\iar_cortexM4l_math.a
#        C:\Users\cyfch\Desktop\B车主控1.1.0\Prj\IAR\DZ10_Debug\Obj\IIC.o
#        C:\Users\cyfch\Desktop\B车主控1.1.0\Prj\IAR\DZ10_Debug\Obj\lcd.o
#        C:\Users\cyfch\Desktop\B车主控1.1.0\Prj\IAR\DZ10_Debug\Obj\main.o
#        C:\Users\cyfch\Desktop\B车主控1.1.0\Prj\IAR\DZ10_Debug\Obj\misc.o
#        C:\Users\cyfch\Desktop\B车主控1.1.0\Prj\IAR\DZ10_Debug\Obj\MK60_adc.o
#        C:\Users\cyfch\Desktop\B车主控1.1.0\Prj\IAR\DZ10_Debug\Obj\MK60_dma.o
#        C:\Users\cyfch\Desktop\B车主控1.1.0\Prj\IAR\DZ10_Debug\Obj\MK60_DWT.o
#        C:\Users\cyfch\Desktop\B车主控1.1.0\Prj\IAR\DZ10_Debug\Obj\MK60_flash.o
#        C:\Users\cyfch\Desktop\B车主控1.1.0\Prj\IAR\DZ10_Debug\Obj\MK60_ftm.o
#        C:\Users\cyfch\Desktop\B车主控1.1.0\Prj\IAR\DZ10_Debug\Obj\MK60_gpio.o
#        C:\Users\cyfch\Desktop\B车主控1.1.0\Prj\IAR\DZ10_Debug\Obj\MK60_lptmr.o
#        C:\Users\cyfch\Desktop\B车主控1.1.0\Prj\IAR\DZ10_Debug\Obj\MK60_mcg.o
#        C:\Users\cyfch\Desktop\B车主控1.1.0\Prj\IAR\DZ10_Debug\Obj\MK60_PIT.o
#        C:\Users\cyfch\Desktop\B车主控1.1.0\Prj\IAR\DZ10_Debug\Obj\MK60_port.o
#        C:\Users\cyfch\Desktop\B车主控1.1.0\Prj\IAR\DZ10_Debug\Obj\MK60_spi.o
#        C:\Users\cyfch\Desktop\B车主控1.1.0\Prj\IAR\DZ10_Debug\Obj\MK60_SysTick.o
#        C:\Users\cyfch\Desktop\B车主控1.1.0\Prj\IAR\DZ10_Debug\Obj\MK60_uart.o
#        C:\Users\cyfch\Desktop\B车主控1.1.0\Prj\IAR\DZ10_Debug\Obj\MK60_wdog.o
#        C:\Users\cyfch\Desktop\B车主控1.1.0\Prj\IAR\DZ10_Debug\Obj\MPU6050.o
#        C:\Users\cyfch\Desktop\B车主控1.1.0\Prj\IAR\DZ10_Debug\Obj\MPU6050Drive.o
#        C:\Users\cyfch\Desktop\B车主控1.1.0\Prj\IAR\DZ10_Debug\Obj\My_I2C.o
#        C:\Users\cyfch\Desktop\B车主控1.1.0\Prj\IAR\DZ10_Debug\Obj\pid.o
#        C:\Users\cyfch\Desktop\B车主控1.1.0\Prj\IAR\DZ10_Debug\Obj\PIT.o
#        C:\Users\cyfch\Desktop\B车主控1.1.0\Prj\IAR\DZ10_Debug\Obj\Recognition.o
#        C:\Users\cyfch\Desktop\B车主控1.1.0\Prj\IAR\DZ10_Debug\Obj\startup_MK60DZ10.o
#        C:\Users\cyfch\Desktop\B车主控1.1.0\Prj\IAR\DZ10_Debug\Obj\SYN6288.o
#        C:\Users\cyfch\Desktop\B车主控1.1.0\Prj\IAR\DZ10_Debug\Obj\system_MK60DZ10.o
#        C:\Users\cyfch\Desktop\B车主控1.1.0\Prj\IAR\DZ10_Debug\Obj\UART.o
#        C:\Users\cyfch\Desktop\B车主控1.1.0\Prj\IAR\DZ10_Debug\Obj\vectors.o
#        --no_out_extension -o
#        C:\Users\cyfch\Desktop\B车主控1.1.0\Prj\IAR\DZ10_Debug\Exe\fire_Kinetis.out
#        --map
#        C:\Users\cyfch\Desktop\B车主控1.1.0\Prj\IAR\DZ10_Debug\List\fire_Kinetis.map
#        --config "C:\Users\cyfch\Desktop\B车主控1.1.0\Prj\IAR\config
#        files\fire_ROM_K60N512.icf" --entry __iar_program_start --redirect
#        __write=__write_buffered --vfe --text_out locale)
#
###############################################################################

*******************************************************************************
*** RUNTIME MODEL ATTRIBUTES
***

CppFlavor       = *
__SystemLibrary = DLib
__dlib_version  = 6


*******************************************************************************
*** HEAP SELECTION
***

The basic heap was selected because no calls to memory allocation
functions were found in the application outside of system library
functions, and there are calls to deallocation functions in the
application.


*******************************************************************************
*** PLACEMENT SUMMARY
***

"A0":  place at 0x0 { ro section .intvec };
"A1":  place at 0x410 { ro section .noinit };
define block CodeRelocate { section .textrw_init };
"P1":  place in [from 0x0 to 0x4'0000] { ro, block CodeRelocate };
define block CodeRelocateRam { section .textrw };
define block CSTACK with size = 8K, alignment = 8 { };
define block HEAP with size = 8K, alignment = 8 { };
"P2":  place in [from 0x1fff'0410 to 0x2001'0000] {
          rw, block CodeRelocateRam, block CSTACK, block HEAP };
initialize manually with packing = copy, complex ranges { section .data };
initialize manually with packing = copy, complex ranges { section .textrw };

  Section              Kind         Address    Size  Object
  -------              ----         -------    ----  ------
"A0":                                         0x410
  .intvec              const            0x0   0x410  vectors.o [1]
                                    - 0x410   0x410

"A1":                                           0x8
  .noinit              ro code        0x410     0x8  startup_MK60DZ10.o [1]
                                    - 0x418     0x8

"P1":                                        0x4fac
  .text                ro code        0x418   0xe26  xprintffull_nomb.o [2]
  .text                ro code       0x123e    0x3a  zero_init3.o [4]
  .text                ro code       0x1278    0x16  strchr.o [4]
  .text                ro code       0x1290    0x40  xfail_s.o [2]
  .text                ro code       0x12d0    0x36  strlen.o [4]
  .text                ro code       0x1308    0x58  memchr.o [4]
  .text                ro code       0x1360   0x230  I64DivMod.o [4]
  .text                ro code       0x1590   0x1a2  DblMul.o [3]
  .text                ro code       0x1734    0xa6  ABImemcpy.o [4]
  .text                ro code       0x17dc    0x70  frexp.o [3]
  .text                ro code       0x184c    0x2e  DblCmpLe.o [3]
  .text                ro code       0x187c    0x2e  DblCmpGe.o [3]
  .text                ro code       0x18ac   0x13a  ldexp.o [3]
  .text                ro code       0x19e8    0x3a  DblToS32.o [3]
  .text                ro code       0x1a24    0x22  S32ToDbl.o [3]
  .text                ro code       0x1a48    0xe2  DblSub.o [3]
  .text                ro code       0x1b2c   0x246  DblDiv.o [3]
  .text                ro code       0x1d74    0x28  DblToU32.o [3]
  .text                ro code       0x1d9c    0x1a  U32ToDbl.o [3]
  .text                ro code       0x1db8     0x8  xlocale_c.o [2]
  .text                ro code       0x1dc0     0x6  abort.o [2]
  .text                ro code       0x1dc8     0x2  I64DivZer.o [4]
  .text                ro code       0x1dcc   0x16a  DblAdd.o [3]
  .text                ro code       0x1f38     0xc  XXexit.o [4]
  .data_init                         0x1f44   0x94c  <Block>
    Initializer bytes  const         0x1f44   0x94c  <for .data-1>
  .text                ro code       0x2890   0x554  lcd.o [1]
  .text                ro code       0x2de4   0x404  MK60_ftm.o [1]
  Veneer               ro code       0x31e8     0x8  - Linker created -
  Veneer               ro code       0x31f0     0x8  - Linker created -
  .text                ro code       0x31f8   0x190  FIRE_MK60_conf.o [1]
  .text                ro code       0x3388    0x68  MK60_port.o [1]
  .text                ro code       0x33f0    0x28  printf.o [2]
  .text                ro code       0x3418   0x26c  MK60_uart.o [1]
  .text                ro code       0x3684    0x88  FIRE_key.o [1]
  .text                ro code       0x370c    0x44  FIRE_LED.o [1]
  .text                ro code       0x3750    0x60  MK60_DWT.o [1]
  .text                ro code       0x37b0   0x170  MK60_gpio.o [1]
  Veneer               ro code       0x3920     0x8  - Linker created -
  .text                ro code       0x3928   0x2ac  MK60_mcg.o [1]
  .text                ro code       0x3bd4   0x290  Recognition.o [1]
  .text                ro code       0x3e64   0x23c  MK60_adc.o [1]
  .text                ro code       0x40a0    0x24  S32ToFlt.o [3]
  .text                ro code       0x40c4    0x48  FltToDbl.o [3]
  .text                ro code       0x410c    0x68  DblToFlt.o [3]
  .text                ro code       0x4174    0x24  FltCmpLe.o [3]
  .text                ro code       0x4198    0x24  FltCmpGe.o [3]
  .text                ro code       0x41bc   0x26a  My_I2C.o [1]
  .text                ro code       0x4428   0x20c  MPU6050Drive.o [1]
  .text                ro code       0x4634    0x80  FltSub.o [3]
  .text                ro code       0x46b4    0xe2  FltAdd.o [3]
  .text                ro code       0x4798    0xfc  FltDiv.o [3]
  .text                ro code       0x4894   0x1ac  DebugFunction.o [1]
  .text                ro code       0x4a40    0x94  misc.o [1]
  .text                ro code       0x4ad4    0x2a  FltToS32.o [3]
  .text                ro code       0x4b00   0x120  Drive.o [1]
  .text                ro code       0x4c20    0xd8  FltMul.o [3]
  .text                ro code       0x4cf8   0x154  pid.o [1]
  CodeRelocate                       0x4e4c   0x194  <Block>
    Initializer bytes  const         0x4e4c   0x194  <for CodeRelocateRam-1>
  .text                ro code       0x4fe0    0xf0  system_MK60DZ10.o [1]
  .text                ro code       0x50d0    0x3c  MK60_wdog.o [1]
  .text                ro code       0x510c    0x6e  main.o [1]
  .text                ro code       0x517c    0x4c  Encode.o [1]
  .text                ro code       0x51c8    0xc0  PIT.o [1]
  .text                ro code       0x5288    0xa0  MK60_PIT.o [1]
  .text                ro code       0x5328    0x28  data_init.o [4]
  .iar.init_table      const         0x5350    0x10  - Linker created -
  .text                ro code       0x5360    0x1e  cmain.o [4]
  .text                ro code       0x537e     0x4  low_level_init.o [2]
  .text                ro code       0x5382     0x4  exit.o [2]
  .text                ro code       0x5388     0xa  cexit.o [4]
  .text                ro code       0x5392    0x16  xprout.o [2]
  .text                ro code       0x53a8     0xc  putchar.o [2]
  .text                ro code       0x53b4     0xc  cstartup_M.o [4]
  .rodata              const         0x53c0     0x4  xlocale_c.o [2]
  .rodata              const         0x53c4     0x0  zero_init3.o [4]
                                   - 0x53c4  0x4fac

"P2", part 1 of 2:                            0xae0
  .data                         0x1fff'0410   0x94c  <Block>
    .data-1                     0x1fff'0410   0x94c  <Init block>
      .data            inited   0x1fff'0410    0x1c  Drive.o [1]
      .data            inited   0x1fff'042c    0x5c  Drive.o [1]
      .data            inited   0x1fff'0488     0x8  FIRE_key.o [1]
      .data            inited   0x1fff'0490     0x4  FIRE_LED.o [1]
      .data            inited   0x1fff'0494   0x708  FIRE_MK60_conf.o [1]
      .data            inited   0x1fff'0b9c     0x8  MK60_adc.o [1]
      .data            inited   0x1fff'0ba4     0xc  MK60_ftm.o [1]
      .data            inited   0x1fff'0bb0    0x14  MK60_gpio.o [1]
      .data            inited   0x1fff'0bc4    0x44  MK60_mcg.o [1]
      .data            inited   0x1fff'0c08     0x4  MK60_mcg.o [1]
      .data            inited   0x1fff'0c0c    0x14  MK60_port.o [1]
      .data            inited   0x1fff'0c20    0x18  MK60_uart.o [1]
      .data            inited   0x1fff'0c38    0x8c  Recognition.o [1]
      .data            inited   0x1fff'0cc4    0x18  Recognition.o [1]
      .data            inited   0x1fff'0cdc    0x48  xfiles.o [2]
      .data            inited   0x1fff'0d24    0x38  xlocale_c.o [2]
  CodeRelocateRam               0x1fff'0d5c   0x194  <Block>
    CodeRelocateRam-1           0x1fff'0d5c   0x194  <Init block>
      Veneer           inited   0x1fff'0d5c     0x8  - Linker created -
      .textrw          inited   0x1fff'0d64   0x144  MK60_flash.o [1]
      .textrw          inited   0x1fff'0ea8    0x48  MK60_mcg.o [1]
                              - 0x1fff'0ef0   0xae0

"P2", part 2 of 2:                            0x21c
  .bss                          0x1fff'0ef0   0x21c  <Block>
    .bss               zero     0x1fff'0ef0    0x18  DebugFunction.o [1]
    .bss               zero     0x1fff'0f08     0xc  Encode.o [1]
    .bss               zero     0x1fff'0f14    0x38  MPU6050Drive.o [1]
    .bss               zero     0x1fff'0f4c     0x4  MPU6050Drive.o [1]
    .bss               zero     0x1fff'0f50   0x15c  Recognition.o [1]
    .bss               zero     0x1fff'10ac     0xc  system_MK60DZ10.o [1]
    .bss               zero     0x1fff'10b8    0x50  xfiles.o [2]
    .bss               zero     0x1fff'1108     0x4  xfail_s.o [2]
                              - 0x1fff'110c   0x21c

Unused ranges:

         From           To      Size
         ----           --      ----
       0x53c4     0x4'0000  0x3'ac3d
  0x1fff'110c  0x2001'0000  0x1'eef5


*******************************************************************************
*** INIT TABLE
***

          Address      Size
          -------      ----
Zero (__iar_zero_init3)
    1 destination range, total size 0x21c:
          0x1fff'0ef0  0x21c



*******************************************************************************
*** MODULE SUMMARY
***

    Module              ro code  rw code  ro data  rw data
    ------              -------  -------  -------  -------
command line/config:
    ------------------------------------------------------
    Total:

C:\Users\cyfch\Desktop\B车主控1.1.0\Prj\IAR\DZ10_Debug\Obj: [1]
    DebugFunction.o         428                         24
    Drive.o                 288               120      120
    Encode.o                 76                         12
    FIRE_LED.o               68                 4        4
    FIRE_MK60_conf.o        400             1 800    1 800
    FIRE_key.o              136                 8        8
    MK60_DWT.o               96
    MK60_PIT.o              160
    MK60_adc.o              572                 8        8
    MK60_flash.o                     324      324
    MK60_ftm.o            1 028                12       12
    MK60_gpio.o             368                20       20
    MK60_mcg.o              684       72      144       72
    MK60_port.o             104                20       20
    MK60_uart.o             620                24       24
    MK60_wdog.o              60
    MPU6050Drive.o          524                         60
    My_I2C.o                618
    PIT.o                   192
    Recognition.o           656               164      512
    lcd.o                 1 364
    main.o                  110
    misc.o                  148
    pid.o                   340
    startup_MK60DZ10.o        8
    system_MK60DZ10.o       240                         12
    vectors.o                               1 040
    ------------------------------------------------------
    Total:                9 288      396    3 688    2 708

dl7M_tlf.a: [2]
    abort.o                   6
    exit.o                    4
    low_level_init.o          4
    printf.o                 40
    putchar.o                12
    xfail_s.o                64                          4
    xfiles.o                                   72      152
    xlocale_c.o               8                60       56
    xprintffull_nomb.o    3 622
    xprout.o                 22
    ------------------------------------------------------
    Total:                3 782               132      212

m7M_tl.a: [3]
    DblAdd.o                362
    DblCmpGe.o               46
    DblCmpLe.o               46
    DblDiv.o                582
    DblMul.o                418
    DblSub.o                226
    DblToFlt.o              104
    DblToS32.o               58
    DblToU32.o               40
    FltAdd.o                226
    FltCmpGe.o               36
    FltCmpLe.o               36
    FltDiv.o                252
    FltMul.o                216
    FltSub.o                128
    FltToDbl.o               72
    FltToS32.o               42
    S32ToDbl.o               34
    S32ToFlt.o               36
    U32ToDbl.o               26
    frexp.o                 112
    ldexp.o                 314
    ------------------------------------------------------
    Total:                3 412

rt7M_tl.a: [4]
    ABImemcpy.o             166
    I64DivMod.o             560
    I64DivZer.o               2
    XXexit.o                 12
    cexit.o                  10
    cmain.o                  30
    cstartup_M.o             12
    data_init.o              40
    memchr.o                 88
    strchr.o                 22
    strlen.o                 54
    zero_init3.o             58
    ------------------------------------------------------
    Total:                1 054

    Gaps                     40
    Linker created           24        8       24
----------------------------------------------------------
    Grand Total:         17 600      404    3 844    2 920


*******************************************************************************
*** ENTRY LIST
***

Entry                       Address   Size  Type      Object
-----                       -------   ----  ----      ------
.bss$$Base              0x1fff'0ef0          --   Gb  - Linker created -
.bss$$Limit             0x1fff'110c          --   Gb  - Linker created -
.data$$Base             0x1fff'0410          --   Gb  - Linker created -
.data$$Limit            0x1fff'0d5c          --   Gb  - Linker created -
.data_init$$Base             0x1f44          --   Gb  - Linker created -
.data_init$$Limit            0x2890          --   Gb  - Linker created -
.iar.init_table$$Base        0x5350          --   Gb  - Linker created -
.iar.init_table$$Limit       0x5360          --   Gb  - Linker created -
?main                        0x5361         Code  Gb  cmain.o [4]
ADCN                    0x1fff'0b9c    0x8  Data  Gb  MK60_adc.o [1]
AD_Collect                   0x3d9f   0xac  Code  Gb  Recognition.o [1]
ASSERT_FAILED_STR            0x3364   0x24  Data  Gb  FIRE_MK60_conf.o [1]
Accel_OriginData        0x1fff'0f14   0x18  Data  Gb  MPU6050Drive.o [1]
CodeRelocate$$Base           0x4e4c          --   Gb  - Linker created -
CodeRelocate$$Limit          0x4fe0          --   Gb  - Linker created -
CodeRelocateRam$$Base   0x1fff'0d5c          --   Gb  - Linker created -
CodeRelocateRam$$Limit  0x1fff'0ef0          --   Gb  - Linker created -
DAJIAO_Clear            0x1fff'0c98    0x4  Data  Gb  Recognition.o [1]
DAJIAO_END              0x1fff'0c94    0x4  Data  Gb  Recognition.o [1]
DAJIAO_START            0x1fff'0c90    0x4  Data  Gb  Recognition.o [1]
Dead_Zone               0x1fff'0434    0x4  Data  Gb  Drive.o [1]
Direction_Control            0x4b33   0x56  Code  Gb  Drive.o [1]
Direction_Kd            0x1fff'041c    0x4  Data  Gb  Drive.o [1]
Direction_Kp            0x1fff'0418    0x4  Data  Gb  Drive.o [1]
Encoder_Speed           0x1fff'0f08    0x4  Data  Gb  Encode.o [1]
F6x8                         0x2bbc  0x228  Data  Gb  lcd.o [1]
FTMN                    0x1fff'0ba4    0xc  Data  Gb  MK60_ftm.o [1]
FTM_PWM_Duty                 0x2fdb   0xa6  Code  Gb  MK60_ftm.o [1]
FTM_PWM_init                 0x2de5  0x1f6  Code  Gb  MK60_ftm.o [1]
FTM_QUAD_Init                0x3081   0xc4  Code  Gb  MK60_ftm.o [1]
FTM_QUAD_clean               0x3169   0x22  Code  Gb  MK60_ftm.o [1]
FTM_QUAD_get                 0x3145   0x22  Code  Gb  MK60_ftm.o [1]
Flag_RemoteStopCar      0x1fff'0efa    0x1  Data  Gb  DebugFunction.o [1]
Flag_StartPressOnce     0x1fff'0efb    0x1  Data  Gb  DebugFunction.o [1]
GPIOX                   0x1fff'0bb0   0x14  Data  Gb  MK60_gpio.o [1]
GYROBuff                0x1fff'0f4c    0x4  Data  Gb  MPU6050Drive.o [1]
GYRO_OriginData         0x1fff'0f2c   0x18  Data  Gb  MPU6050Drive.o [1]
GetOData                     0x44db   0x2c  Code  Gb  MPU6050Drive.o [1]
GetRemoteCMDData             0x48c7   0x6a  Code  Gb  DebugFunction.o [1]
Get_AccData                  0x4507   0x3c  Code  Gb  MPU6050Drive.o [1]
Get_GyroWithMPU6050          0x4543   0x1c  Code  Gb  MPU6050Drive.o [1]
Get_OffsetWithMPU6050        0x455f   0xcc  Code  Gb  MPU6050Drive.o [1]
I2C_SendACK                  0x426f   0x4a  Code  Gb  My_I2C.o [1]
IIC_init                     0x41bd   0x2a  Code  Gb  My_I2C.o [1]
IIC_start                    0x41fd   0x3a  Code  Gb  My_I2C.o [1]
IIC_stop                     0x4237   0x38  Code  Gb  My_I2C.o [1]
InitMPU6050                  0x4429   0xb2  Code  Gb  MPU6050Drive.o [1]
Init_All                     0x5115   0x2e  Code  Gb  main.o [1]
KEY_PTxn                0x1fff'0488    0x8  Data  Gb  FIRE_key.o [1]
LCD_DLY_ms                   0x298f   0x1c  Code  Gb  lcd.o [1]
LCD_Fill                     0x2951   0x3e  Code  Gb  lcd.o [1]
LCD_Init                     0x29ab   0xee  Code  Gb  lcd.o [1]
LCD_Set_Pos                  0x292b   0x26  Code  Gb  lcd.o [1]
LCD_Show_Number              0x2ad1   0xec  Code  Gb  lcd.o [1]
LCD_WrCmd                    0x28e1   0x4a  Code  Gb  lcd.o [1]
LCD_WrDat                    0x2891   0x4e  Code  Gb  lcd.o [1]
LCD_write_char               0x2aa1   0x30  Code  Gb  lcd.o [1]
LED_PTxn                0x1fff'0490    0x4  Data  Gb  FIRE_LED.o [1]
LED_init                     0x5149   0x32  Code  Gb  main.o [1]
Last_Center_Error       0x1fff'0424    0x4  Data  Gb  Drive.o [1]
LoadInt                       0x5c7   0x7a  Code  Lc  xprintffull_nomb.o [2]
Main_ADC_INIT                0x3bd5   0x24  Code  Gb  Recognition.o [1]
Max_I_Output            0x1fff'0430    0x4  Data  Gb  Drive.o [1]
Max_Output              0x1fff'042c    0x4  Data  Gb  Drive.o [1]
Motor_Init                   0x4b01   0x32  Code  Gb  Drive.o [1]
My_Delay_Us                  0x41e7   0x16  Code  Gb  My_I2C.o [1]
NORMAL_MAX              0x1fff'0cd0    0xc  Data  Gb  Recognition.o [1]
NORMAL_MIN              0x1fff'0cc4    0xc  Data  Gb  Recognition.o [1]
NVIC_DisableIRQ              0x342b   0x12  Code  Lc  MK60_uart.o [1]
NVIC_EnableIRQ               0x3419   0x12  Code  Lc  MK60_uart.o [1]
NVIC_EnableIRQ               0x51c9   0x12  Code  Lc  PIT.o [1]
NVIC_SystemReset             0x31f9   0x18  Code  Lc  FIRE_MK60_conf.o [1]
Normal_P                     0x3c2b  0x116  Code  Gb  Recognition.o [1]
Now_Center_Error        0x1fff'0420    0x4  Data  Gb  Drive.o [1]
PID_Calc                     0x4d33  0x11a  Code  Gb  pid.o [1]
PID_Init                     0x4cf9   0x3a  Code  Gb  pid.o [1]
PID_Out                 0x1fff'0438    0x4  Data  Gb  Drive.o [1]
PIT0_IRQHandler              0x521d   0x4a  Code  Gb  PIT.o [1]
PIT1_IRQHandler              0x5269    0xc  Code  Gb  PIT.o [1]
PIT_Init                     0x51db   0x42  Code  Gb  PIT.o [1]
PL_queue_M              0x1fff'1088    0xc  Data  Gb  Recognition.o [1]
PM_queue_M              0x1fff'1094    0xc  Data  Gb  Recognition.o [1]
PORTX                   0x1fff'0c0c   0x14  Data  Gb  MK60_port.o [1]
PR_queue_M              0x1fff'10a0    0xc  Data  Gb  Recognition.o [1]
PWM_Out                 0x1fff'043c    0x4  Data  Gb  Drive.o [1]
Plane_AD                0x1fff'0c38    0x8  Data  Gb  Recognition.o [1]
Plane_AD_L              0x1fff'0f50   0x64  Data  Gb  Recognition.o [1]
Plane_AD_M              0x1fff'0fb4   0x64  Data  Gb  Recognition.o [1]
Plane_AD_N              0x1fff'0c40    0xc  Data  Gb  Recognition.o [1]
Plane_AD_R              0x1fff'1018   0x64  Data  Gb  Recognition.o [1]
Pulse_acquire                0x5193   0x32  Code  Gb  Encode.o [1]
Pulse_acquire_init           0x517d   0x16  Code  Gb  Encode.o [1]
Queue_buff              0x1fff'107c    0xc  Data  Gb  Recognition.o [1]
Rate4_B                 0x1fff'0c84    0x4  Data  Gb  Recognition.o [1]
Rate4_M                 0x1fff'0c80    0x4  Data  Gb  Recognition.o [1]
Rate4_S                 0x1fff'0c7c    0x4  Data  Gb  Recognition.o [1]
ReceiveBuff             0x1fff'0ef4    0x4  Data  Gb  DebugFunction.o [1]
ReceiveCMD_Remote            0x4931   0xd4  Code  Gb  DebugFunction.o [1]
ReceiveIndex            0x1fff'0efc    0x4  Data  Gb  DebugFunction.o [1]
Region$$Table$$Base          0x5350          --   Gb  - Linker created -
Region$$Table$$Limit         0x5360          --   Gb  - Linker created -
RemoteCMDData_init           0x4895    0xc  Code  Gb  DebugFunction.o [1]
RemoteControl                0x4a05   0x34  Code  Gb  DebugFunction.o [1]
RemoteData              0x1fff'0ef0    0x4  Data  Gb  DebugFunction.o [1]
RemoteInit                   0x48a1   0x26  Code  Gb  DebugFunction.o [1]
Remote_CMD_ReceiveStatus
                        0x1fff'0ef9    0x1  Data  Gb  DebugFunction.o [1]
Reset_Handler                 0x411         Code  Gb  startup_MK60DZ10.o [1]
Revolve_Flag            0x1fff'0f0c    0x4  Data  Gb  Encode.o [1]
Revolve_Speed           0x1fff'0f10    0x4  Data  Gb  Encode.o [1]
SCCB_WaitAck                 0x42b9   0x42  Code  Gb  My_I2C.o [1]
Sort_MAX_N                   0x3bf9   0x32  Code  Gb  Recognition.o [1]
Speed_Control                0x4ba1   0x62  Code  Gb  Drive.o [1]
Speed_Loop              0x1fff'0440   0x48  Data  Gb  Drive.o [1]
Speed_Loop_PID               0x4c14    0xc  Data  Gb  Drive.o [1]
Speed_O                 0x1fff'0c9c    0x4  Data  Gb  Recognition.o [1]
Speed_PID_Init               0x4b89   0x18  Code  Gb  Drive.o [1]
StartReceive            0x1fff'0ef8    0x1  Data  Gb  DebugFunction.o [1]
Steer_Left_Max          0x1fff'0410    0x4  Data  Gb  Drive.o [1]
Steer_PWM_Out           0x1fff'0428    0x4  Data  Gb  Drive.o [1]
Steer_Right_Max         0x1fff'0414    0x4  Data  Gb  Drive.o [1]
Trace                   0x1fff'0c58    0x4  Data  Gb  Recognition.o [1]
UARTN                   0x1fff'0c20   0x18  Data  Gb  MK60_uart.o [1]
Vertical_AD_N           0x1fff'0c50    0x8  Data  Gb  Recognition.o [1]
Weighted_List_cbh       0x1fff'0cbc    0x8  Data  Gb  Recognition.o [1]
_GenldFullNoMb                0xf3d  0x274  Code  Lc  xprintffull_nomb.o [2]
_LdtobFullNoMb                0xb11  0x400  Code  Lc  xprintffull_nomb.o [2]
_LitobFullNoMb                0x9b9  0x112  Code  Lc  xprintffull_nomb.o [2]
_Locale_lconv           0x1fff'0d24   0x38  Data  Lc  xlocale_c.o [2]
_PrintfFullNoMb               0x419  0x19e  Code  Gb  xprintffull_nomb.o [2]
_Prout                       0x5393   0x16  Code  Gb  xprout.o [2]
_PutcharsFullNoMb            0x11b1   0x2e  Code  Lc  xprintffull_nomb.o [2]
_PutfldFullNoMb               0x641  0x26c  Code  Lc  xprintffull_nomb.o [2]
_PuttxtFullNoMb               0x8ad  0x10c  Code  Lc  xprintffull_nomb.o [2]
__BOOT_STACK_ADDRESS {Abs}
                        0x2000'fff8         Data  Gb  <internal module>
__VECTOR_RAM {Abs}      0x1fff'0000         Data  Gb  <internal module>
__VECTOR_TABLE {Abs}            0x0         Data  Gb  <internal module>
__aeabi_cdcmple              0x184d         Code  Gb  DblCmpLe.o [3]
__aeabi_cdrcmple             0x187d         Code  Gb  DblCmpGe.o [3]
__aeabi_cfcmple              0x4175         Code  Gb  FltCmpLe.o [3]
__aeabi_cfrcmple             0x4199         Code  Gb  FltCmpGe.o [3]
__aeabi_d2f                  0x410d         Code  Gb  DblToFlt.o [3]
__aeabi_d2iz                 0x19e9         Code  Gb  DblToS32.o [3]
__aeabi_d2uiz                0x1d75         Code  Gb  DblToU32.o [3]
__aeabi_ddiv                 0x1b2d         Code  Gb  DblDiv.o [3]
__aeabi_dmul                 0x1591         Code  Gb  DblMul.o [3]
__aeabi_dsub                 0x1a49         Code  Gb  DblSub.o [3]
__aeabi_f2d                  0x40c5         Code  Gb  FltToDbl.o [3]
__aeabi_f2iz                 0x4ad5         Code  Gb  FltToS32.o [3]
__aeabi_fadd                 0x46b5         Code  Gb  FltAdd.o [3]
__aeabi_fdiv                 0x4799         Code  Gb  FltDiv.o [3]
__aeabi_fmul                 0x4c21         Code  Gb  FltMul.o [3]
__aeabi_fsub                 0x4635         Code  Gb  FltSub.o [3]
__aeabi_i2d                  0x1a25         Code  Gb  S32ToDbl.o [3]
__aeabi_i2f                  0x40a1         Code  Gb  S32ToFlt.o [3]
__aeabi_ldiv0                0x1dc9         Code  Gb  I64DivZer.o [4]
__aeabi_memcpy               0x1735         Code  Gb  ABImemcpy.o [4]
__aeabi_memcpy4              0x1755         Code  Gb  ABImemcpy.o [4]
__aeabi_memcpy8              0x1755         Code  Gb  ABImemcpy.o [4]
__aeabi_ui2d                 0x1d9d         Code  Gb  U32ToDbl.o [3]
__aeabi_uldivmod             0x1361         Code  Gb  I64DivMod.o [4]
__cmain                      0x5361         Code  Gb  cmain.o [4]
__code_start__ {Abs}          0x410         Data  Gb  <internal module>
__exit                       0x1f39         Code  Gb  XXexit.o [4]
__iar_Fail_s                 0x1291   0x1c  Code  Gb  xfail_s.o [2]
__iar_Memchr                 0x1309         Code  Gb  memchr.o [4]
__iar_Stdout            0x1fff'0cdc   0x48  Data  Gb  xfiles.o [2]
__iar_Strchr                 0x1279         Code  Gb  strchr.o [4]
__iar_dadd                   0x1a59         Code  Gb  DblSub.o [3]
__iar_data_init3             0x5329   0x28  Code  Gb  data_init.o [4]
__iar_dsub                   0x1dcd         Code  Gb  DblAdd.o [3]
__iar_dsubStart              0x1ddf         Code  Gb  DblAdd.o [3]
__iar_fadd                   0x4641         Code  Gb  FltSub.o [3]
__iar_frexp                  0x17e9         Code  Gb  frexp.o [3]
__iar_frexp64                0x17dd         Code  Gb  frexp.o [3]
__iar_frexpl                 0x17e9         Code  Gb  frexp.o [3]
__iar_fsub                   0x46c1         Code  Gb  FltAdd.o [3]
__iar_fsubStart              0x46d1         Code  Gb  FltAdd.o [3]
__iar_ldexp64                0x18ad         Code  Gb  ldexp.o [3]
__iar_program_start          0x53b5         Code  Gb  cstartup_M.o [4]
__iar_scalbln64              0x18ad         Code  Gb  ldexp.o [3]
__iar_scalbn64               0x18ad         Code  Gb  ldexp.o [3]
__iar_zero_init3             0x123f   0x3a  Code  Gb  zero_init3.o [4]
__low_level_init             0x537f    0x4  Code  Gb  low_level_init.o [2]
__vector_table                  0x0  0x410  Data  Gb  vectors.o [1]
_call_main                   0x536d         Code  Gb  cmain.o [4]
_exit                        0x5389         Code  Gb  cexit.o [4]
_main                        0x537b         Code  Gb  cmain.o [4]
abort                        0x1dc1    0x6  Code  Gb  abort.o [2]
adc_init                     0x3e65  0x1a0  Code  Gb  MK60_adc.o [1]
adc_once                     0x4005   0x24  Code  Gb  MK60_adc.o [1]
adc_start                    0x4029   0x32  Code  Lc  MK60_adc.o [1]
assert_failed                0x3211   0x10  Code  Gb  FIRE_MK60_conf.o [1]
bus_clk_khz             0x1fff'10b4    0x4  Data  Gb  system_MK60DZ10.o [1]
common_startup               0x502f   0x70  Code  Gb  system_MK60DZ10.o [1]
core_clk_khz            0x1fff'10ac    0x4  Data  Gb  system_MK60DZ10.o [1]
core_clk_mhz            0x1fff'10b0    0x4  Data  Gb  system_MK60DZ10.o [1]
count_error_left        0x1fff'0f00    0x4  Data  Gb  DebugFunction.o [1]
count_error_right       0x1fff'0f04    0x4  Data  Gb  DebugFunction.o [1]
default_isr                  0x32d1   0x12  Code  Gb  FIRE_MK60_conf.o [1]
distance_test           0x1fff'0c88    0x4  Data  Gb  Recognition.o [1]
dwt_delay_ms                 0x3799   0x18  Code  Gb  MK60_DWT.o [1]
dwt_delay_us                 0x3751   0x3c  Code  Gb  MK60_DWT.o [1]
error_Vlr_N             0x1fff'0c60    0x4  Data  Gb  Recognition.o [1]
error_lr_N              0x1fff'0c5c    0x4  Data  Gb  Recognition.o [1]
exit                         0x5383    0x4  Code  Gb  exit.o [2]
fiter_Medium                 0x3d41   0x5e  Code  Gb  Recognition.o [1]
flag_count_S            0x1fff'0c8c    0x4  Data  Gb  Recognition.o [1]
flag_turn_left          0x1fff'0c6c    0x4  Data  Gb  Recognition.o [1]
flag_turn_right         0x1fff'0c70    0x4  Data  Gb  Recognition.o [1]
flash_cmd               0x1fff'0d65   0x1a  Code  Gb  MK60_flash.o [1]
flash_erase_sector      0x1fff'0d9f   0x46  Code  Gb  MK60_flash.o [1]
flash_init              0x1fff'0d7f   0x20  Code  Gb  MK60_flash.o [1]
flash_write             0x1fff'0de5   0x66  Code  Gb  MK60_flash.o [1]
fputc                        0x3221   0x12  Code  Gb  FIRE_MK60_conf.o [1]
frexp                        0x17dd         Code  Gb  frexp.o [3]
frexpl                       0x17dd         Code  Gb  frexp.o [3]
gpio_ddr                     0x3801   0x28  Code  Gb  MK60_gpio.o [1]
gpio_get                     0x389d   0x30  Code  Gb  MK60_gpio.o [1]
gpio_init                    0x37b1   0x50  Code  Gb  MK60_gpio.o [1]
gpio_set                     0x3829   0x44  Code  Gb  MK60_gpio.o [1]
gpio_turn                    0x386d   0x30  Code  Gb  MK60_gpio.o [1]
imu_2d_raw              0x1fff'0f44    0x8  Data  Gb  MPU6050Drive.o [1]
key_check                    0x36e3   0x24  Code  Gb  FIRE_key.o [1]
key_get                      0x36cd   0x16  Code  Gb  FIRE_key.o [1]
key_init                     0x3685   0x48  Code  Gb  FIRE_key.o [1]
ldexp                        0x18ad         Code  Gb  ldexp.o [3]
ldexpl                       0x18ad         Code  Gb  ldexp.o [3]
led_init                     0x370d   0x36  Code  Gb  FIRE_LED.o [1]
led_turn                     0x3743    0x8  Code  Gb  FIRE_LED.o [1]
localeconv                   0x1db9    0x4  Code  Gb  xlocale_c.o [2]
main                         0x510d    0x8  Code  Gb  main.o [1]
mcg_cfg                 0x1fff'0bc4   0x44  Data  Gb  MK60_mcg.o [1]
mcg_div                 0x1fff'0c08    0x4  Data  Gb  MK60_mcg.o [1]
mcg_div_count                0x3929  0x226  Code  Gb  MK60_mcg.o [1]
memchr                       0x1309         Code  Gb  memchr.o [4]
mode                    0x1fff'0c4c    0x1  Data  Gb  Recognition.o [1]
o_flag                  0x1fff'0ca4    0x4  Data  Gb  Recognition.o [1]
o_flag_enter            0x1fff'0ca8    0x4  Data  Gb  Recognition.o [1]
o_flag_in               0x1fff'0cac    0x4  Data  Gb  Recognition.o [1]
o_flag_out              0x1fff'0cb0    0x4  Data  Gb  Recognition.o [1]
o_flag_out_end          0x1fff'0cb8    0x4  Data  Gb  Recognition.o [1]
o_flag_outing           0x1fff'0cb4    0x4  Data  Gb  Recognition.o [1]
obuf                    0x1fff'10b8   0x50  Data  Lc  xfiles.o [2]
piancha_test            0x1fff'0c68    0x4  Data  Gb  Recognition.o [1]
pit_init                     0x5289   0x42  Code  Gb  MK60_PIT.o [1]
pll_init                     0x3b4f   0x7a  Code  Gb  MK60_mcg.o [1]
port_init                    0x3389   0x2a  Code  Gb  MK60_port.o [1]
port_init_NoALT              0x33b3   0x34  Code  Gb  MK60_port.o [1]
printf                       0x33f1   0x28  Code  Gb  printf.o [2]
putchar                      0x53a9    0xc  Code  Gb  putchar.o [2]
r_flag                  0x1fff'0ca0    0x4  Data  Gb  Recognition.o [1]
rate_e3                 0x1fff'0c74    0x4  Data  Gb  Recognition.o [1]
rate_e4                 0x1fff'0c78    0x4  Data  Gb  Recognition.o [1]
read_ch                      0x435d   0x5e  Code  Gb  My_I2C.o [1]
scalbln                      0x18ad         Code  Gb  ldexp.o [3]
scalblnl                     0x18ad         Code  Gb  ldexp.o [3]
scalbn                       0x18ad         Code  Gb  ldexp.o [3]
scalbnl                      0x18ad         Code  Gb  ldexp.o [3]
scale                         0xacb   0x46  Code  Lc  xprintffull_nomb.o [2]
sec_hand                0x1fff'1108    0x4  Data  Lc  xfail_s.o [2]
send_ch                      0x42fb   0x62  Code  Gb  My_I2C.o [1]
set_sys_dividers        0x1fff'0ea9   0x48  Code  Gb  MK60_mcg.o [1]
set_vector_handler           0x4a61   0x20  Code  Gb  misc.o [1]
simiic_read_reg              0x43e3   0x44  Code  Gb  My_I2C.o [1]
simiic_write_reg             0x43bb   0x28  Code  Gb  My_I2C.o [1]
start                        0x4fe1   0x18  Code  Gb  system_MK60DZ10.o [1]
start_check                  0x3235   0x9c  Code  Gb  FIRE_MK60_conf.o [1]
strchr                       0x1279         Code  Gb  strchr.o [4]
strlen                       0x12d1         Code  Gb  strlen.o [4]
sum_plane               0x1fff'0c64    0x4  Data  Gb  Recognition.o [1]
sysinit                      0x4ff9   0x36  Code  Gb  system_MK60DZ10.o [1]
uart_getchar                 0x35bb   0x16  Code  Gb  MK60_uart.o [1]
uart_init                    0x343d  0x17e  Code  Gb  MK60_uart.o [1]
uart_putchar                 0x35d1   0x12  Code  Gb  MK60_uart.o [1]
uart_rx_irq_dis              0x35f9   0x24  Code  Gb  MK60_uart.o [1]
uart_rx_irq_en               0x35e3   0x16  Code  Gb  MK60_uart.o [1]
vector_str              0x1fff'0494  0x708  Data  Gb  FIRE_MK60_conf.o [1]
wdog_disable                 0x50d1   0x14  Code  Gb  MK60_wdog.o [1]
wdog_unlock                  0x50e5   0x1e  Code  Lc  MK60_wdog.o [1]
write_vtor                   0x4a41   0x20  Code  Gb  misc.o [1]


[1] = C:\Users\cyfch\Desktop\B车主控1.1.0\Prj\IAR\DZ10_Debug\Obj
[2] = dl7M_tlf.a
[3] = m7M_tl.a
[4] = rt7M_tl.a

  17 600 bytes of readonly  code memory
     404 bytes of readwrite code memory
   3 844 bytes of readonly  data memory
   2 920 bytes of readwrite data memory

Errors: none
Warnings: none
